[motocross.progressionstudios.com/index.html]
[backblue.gif]
[fade.gif]
[index.html]
[fonts.googleapis.com/index.html]
[secure.gravatar.com/index.html]
[c0.wp.com/c/5.4.2/wp-includes/css/dist/block-library/style.min.css]
[motocross.progressionstudios.com/feed/index.html]
[motocross.progressionstudios.com/comments/feed/index.html]
[c0.wp.com/p/woocommerce/4.1.1/packages/woocommerce-blocks/build/style.css]
[149354379.v2.pressablecdn.com/wp-content/plugins/contact-form-7/includes/css/styles38c6.css]
[c0.wp.com/p/woocommerce/4.1.1/assets/css/woocommerce-layout.css]
[c0.wp.com/p/woocommerce/4.1.1/assets/css/woocommerce-smallscreen.css]
[c0.wp.com/p/woocommerce/4.1.1/assets/css/woocommerce.css]
[149354379.v2.pressablecdn.com/wp-content/themes/motocross-progression/style7661.css]
[149354379.v2.pressablecdn.com/wp-content/themes/motocross-progression/css/progression_studios_custom_styles7661.css]
[149354379.v2.pressablecdn.com/wp-content/themes/motocross-progression/images/page-title.jpg]
[c0.wp.com/c/5.4.2/wp-includes/css/dashicons.min.css]
[149354379.v2.pressablecdn.com/wp-content/plugins/instagram-widget-by-wpzoom/css/instagram-widget1159.css]
[149354379.v2.pressablecdn.com/wp-content/plugins/elementor/assets/lib/eicons/css/elementor-icons.min4c7e.css]
[149354379.v2.pressablecdn.com/wp-content/plugins/elementor/assets/lib/animations/animations.min339e.css]
[149354379.v2.pressablecdn.com/wp-content/plugins/elementor/assets/css/frontend.min339e.css]
[149354379.v2.pressablecdn.com/wp-content/plugins/elementor/assets/lib/font-awesome/css/all.min339e.css]
[149354379.v2.pressablecdn.com/wp-content/plugins/elementor/assets/lib/font-awesome/css/v4-shims.min339e.css]
[149354379.v2.pressablecdn.com/wp-content/uploads/elementor/css/post-20bc6c.css]
[149354379.v2.pressablecdn.com/wp-content/plugins/boosted-elements-progression/assets/css/frontend.min7661.css]
[149354379.v2.pressablecdn.com/wp-content/plugins/boosted-elements-progression/assets/css/prettyphoto.min7661.css]
[c0.wp.com/p/jetpack/8.7.1/css/jetpack.css]
[c0.wp.com/c/5.4.2/wp-includes/js/jquery/jquery.js]
[c0.wp.com/c/5.4.2/wp-includes/js/jquery/jquery-migrate.min.js]
[stats.wp.com/s-202031.js]
[149354379.v2.pressablecdn.com/wp-content/plugins/instagram-widget-by-wpzoom/js/jquery.lazy.min1159.js]
[149354379.v2.pressablecdn.com/wp-content/plugins/instagram-widget-by-wpzoom/js/instagram-widget1159.js]
[149354379.v2.pressablecdn.com/wp-content/plugins/elementor/assets/lib/font-awesome/js/v4-shims.min339e.js]
[motocross.progressionstudios.com/xmlrpc0db0.php]
[motocross.progressionstudios.com/wp-includes/wlwmanifest.xml]
[motocross.progressionstudios.com/wp-json/index.html]
[motocross.progressionstudios.com/wp-json/oembed/1.0/embedafce.json]
[motocross.progressionstudios.com/wp-json/oembed/1.0/embedbd65]
[149354379.v2.pressablecdn.com/wp-content/themes/motocross-progression/images/logo.png]
[149354379.v2.pressablecdn.com/wp-content/uploads/elementor/thumbs/bigstock-Gdansk-Poland-September-159088721-nhhd9g3euwvn1ttr8cppfth6ilpexaqaitju457dzc.jpg]
[motocross.progressionstudios.com/my-account/index.html]
[motocross.progressionstudios.com/cart/index.html]
[149354379.v2.pressablecdn.com/wp-content/uploads/2017/11/bigstock-197578369.jpg]
[motocross.progressionstudios.com/about/index.html]
[149354379.v2.pressablecdn.com/wp-content/uploads/elementor/thumbs/bigstock-197578369-nhh9q5sb14yojbuawdvtawr4qllfde416h8oy11v24.jpg]
[149354379.v2.pressablecdn.com/wp-content/uploads/2017/11/motocross-1927421_1920.jpg]
[motocross.progressionstudios.com/sponsors/index.html]
[149354379.v2.pressablecdn.com/wp-content/uploads/elementor/thumbs/motocross-1927421_1920-nhh9qahhzb545dnh4xwy5dkfpiy9fvmov4i4ceuw70.jpg]
[motocross.progressionstudios.com/gallery/index.html]
[motocross.progressionstudios.com/shop-full-width/index.html]
[motocross.progressionstudios.com/testimonials/index.html]
[motocross.progressionstudios.com/latest-news/index.html]
[149354379.v2.pressablecdn.com/wp-content/uploads/2017/11/bigstock-Gdansk-Poland-September-159088721.jpg]
[149354379.v2.pressablecdn.com/wp-content/uploads/elementor/thumbs/bigstock-Gdansk-Poland-September-159088721-nhhd9g3iih7iqcy8mwm2gaf8o07spufhohkrhybmgs.jpg]
[149354379.v2.pressablecdn.com/wp-content/uploads/2017/11/bigstock-Motocross-Racing-109373804.jpg]
[motocross.progressionstudios.com/contact/index.html]
[149354379.v2.pressablecdn.com/wp-content/uploads/elementor/thumbs/bigstock-Motocross-Racing-109373804-nhhd9e7u4t4y350yxvstbawbh8h2ag81089sjeeet8.jpg]
[149354379.v2.pressablecdn.com/wp-content/uploads/2017/11/bigstock-Enduro-Bike-Rider-108520886.jpg]
[149354379.v2.pressablecdn.com/wp-content/uploads/elementor/thumbs/bigstock-Enduro-Bike-Rider-108520886-nhhddb7mlyhygnc62kqupbbgl164d1rrjm4miwlcvw.jpg]
[149354379.v2.pressablecdn.com/wp-content/uploads/2017/11/motorsport-2298685_1920.jpg]
[149354379.v2.pressablecdn.com/wp-content/uploads/elementor/thumbs/motorsport-2298685_1920-nhhd9cc5r52dfx3p8uzk6bdeagqbv20kbyytkuh75o.jpg]
[149354379.v2.pressablecdn.com/wp-content/uploads/2017/11/bigstock-Leather-motorcycle-jacket-isol-177834664-500x500.jpg]
[149354379.v2.pressablecdn.com/wp-content/uploads/2017/11/bigstock-Old-Combat-Boots-Group-76530491-500x500.jpg]
[149354379.v2.pressablecdn.com/wp-content/uploads/2017/11/bigstock-Motorcycle-helmet-gloves-jac-177834613-500x500.jpg]
[motocross.progressionstudios.com/product/moto-jacket/index.html]
[motocross.progressionstudios.com/product/moto-shoes/index.html]
[motocross.progressionstudios.com/shop/index.html]
[149354379.v2.pressablecdn.com/wp-content/uploads/2017/11/bigstock-Motorcycle-helmet-gloves-and-177834667-500x500.jpg]
[motocross.progressionstudios.com/product/moto-winter-package/index.html]
[motocross.progressionstudios.com/index4b40.html]
[motocross.progressionstudios.com/index1278.html]
[onzo.progressionstudios.com/wp-content/uploads/2020/04/andres-jasso-RQqhVKHXa-k-unsplash.jpg]
[motocross.progressionstudios.com/product/moto-summer-package/index.html]
[motocross.progressionstudios.com/index07d1.html]
[motocross.progressionstudios.com/2017/11/getting-ready-for-summer-fun/index.html]
[motocross.progressionstudios.com/2017/10/easily-post-videos-and-galleries/index.html]
[onzo.progressionstudios.com/wp-content/uploads/2020/04/william-iven-GANqCr1BRTU-unsplash.jpg]
[onzo.progressionstudios.com/wp-content/uploads/2020/04/tobias-rademacher-pMain49yK3g-unsplash.jpg]
[motocross.progressionstudios.com/2017/09/motorcross-is-for-children-as-well/index.html]
[motocross.progressionstudios.com/2017/08/motocross-racing-starts-soon/index.html]
[onzo.progressionstudios.com/wp-content/uploads/2020/04/kylo-NumnQmIUmF8-unsplash.jpg]
[onzo.progressionstudios.com/wp-content/uploads/2020/04/luke-chesser-vCF5sB7QecM-unsplash.jpg]
[onzo.progressionstudios.com/wp-content/uploads/2020/04/gyorgy-szemok-5M-A3DFnso8-unsplash.jpg]
[149354379.v2.pressablecdn.com/wp-content/plugins/elementor/assets/lib/font-awesome/css/fontawesome.minb683.css]
[149354379.v2.pressablecdn.com/wp-content/plugins/elementor/assets/lib/font-awesome/css/solid.minb683.css]
[149354379.v2.pressablecdn.com/wp-content/plugins/contact-form-7/includes/js/scripts38c6.js]
[c0.wp.com/p/woocommerce/4.1.1/assets/js/jquery-blockui/jquery.blockUI.min.js]
[c0.wp.com/p/woocommerce/4.1.1/assets/js/frontend/add-to-cart.min.js]
[c0.wp.com/p/woocommerce/4.1.1/assets/js/js-cookie/js.cookie.min.js]
[c0.wp.com/p/woocommerce/4.1.1/assets/js/frontend/woocommerce.min.js]
[c0.wp.com/p/woocommerce/4.1.1/assets/js/frontend/cart-fragments.min.js]
[149354379.v2.pressablecdn.com/wp-content/themes/motocross-progression/js/navigation11a8.js]
[149354379.v2.pressablecdn.com/wp-content/themes/motocross-progression/js/scrolltofixed11a8.js]
[149354379.v2.pressablecdn.com/wp-content/themes/motocross-progression/js/fitvids11a8.js]
[c0.wp.com/p/woocommerce/4.1.1/assets/js/prettyPhoto/jquery.prettyPhoto.min.js]
[c0.wp.com/p/woocommerce/4.1.1/assets/js/flexslider/jquery.flexslider.min.js]
[149354379.v2.pressablecdn.com/wp-content/themes/motocross-progression/js/script11a8.js]
[c0.wp.com/c/5.4.2/wp-includes/js/wp-embed.min.js]
[149354379.v2.pressablecdn.com/wp-content/plugins/boosted-elements-progression/assets/js/video-backgrounds5152.js]
[149354379.v2.pressablecdn.com/wp-content/plugins/boosted-elements-progression/assets/js/prettyPhoto5152.js]
[149354379.v2.pressablecdn.com/wp-content/plugins/boosted-elements-progression/assets/js/jquery.matchHeight-min5152.js]
[149354379.v2.pressablecdn.com/wp-content/plugins/boosted-elements-progression/assets/js/masonry5152.js]
[149354379.v2.pressablecdn.com/wp-content/plugins/mailchimp-for-wp/assets/js/forms.min447e.js]
[149354379.v2.pressablecdn.com/wp-content/plugins/elementor/assets/js/frontend-modules.min339e.js]
[c0.wp.com/c/5.4.2/wp-includes/js/jquery/ui/position.min.js]
[149354379.v2.pressablecdn.com/wp-content/plugins/elementor/assets/lib/dialog/dialog.minae9e.js]
[149354379.v2.pressablecdn.com/wp-content/plugins/elementor/assets/lib/waypoints/waypoints.min05da.js]
[149354379.v2.pressablecdn.com/wp-content/plugins/elementor/assets/lib/swiper/swiper.min48f5.js]
[149354379.v2.pressablecdn.com/wp-content/plugins/elementor/assets/lib/share-link/share-link.min339e.js]
[149354379.v2.pressablecdn.com/wp-content/plugins/elementor/assets/js/frontend.min339e.js]
[secure.gaug.es/track.js]
[motocross.progressionstudios.com/index.html]
[stats.wp.com/e-202031.js]
[gmpg.org/xfn/11.html]
[motocross.progressionstudios.com/xmlrpc.php]
[stats.wp.com/index.html]
[secure.gravatar.com/favicon.ico]
[s.gravatar.com/dist/css/style.min42a0.css]
[s.gravatar.com/dist/css/profile.min42a0.css]
[s.gravatar.com/dist/css/jquery.Jcrop.0.9.12.min42a0.css]
[secure.gravatar.com/js/jcarousel/lib/jquery.jcarousel.css]
[secure.gravatar.com/js/jcarousel/skins/tango/skin.css]
[s0.wp.com/i/noticons/noticons.css]
[secure.gravatar.com/images/logo-crowdsignal.svg]
[2.gravatar.com/avatar/767fc9c115a1b989744c755db47feb60cf4a.jpeg]
[1.gravatar.com/avatar/767fc9c115a1b989744c755db47feb606656.jpeg]
[secure.gravatar.com/index.html]
[fonts.googleapis.com/index.html]
[s.w.org/index.html]
[fonts.googleapis.com/css7d84.css]
[fonts.googleapis.com/cssd61f.css]
[motocross.progressionstudios.com/index0d2a.html]
[v0.wordpress.com/index.html]
[c0.wp.com/index.html]
[c0.wp.com/p/woocommerce/4.1.1/assets/css/select2.css]
[c0.wp.com/c/5.4.2/wp-includes/js/zxcvbn-async.min.js]
[motocross.progressionstudios.com/wp-json/oembed/1.0/embedf2b3.json]
[motocross.progressionstudios.com/wp-json/oembed/1.0/embed61c8]
[c0.wp.com/p/woocommerce/4.1.1/assets/js/selectWoo/selectWoo.full.min.js]
[c0.wp.com/c/5.4.2/wp-admin/js/password-strength-meter.min.js]
[motocross.progressionstudios.com/my-account/lost-password/index.html]
[motocross.progressionstudios.com/my-account/index.html]
[c0.wp.com/p/woocommerce/4.1.1/assets/js/frontend/password-strength-meter.min.js]
[motocross.progressionstudios.com/wp-json/oembed/1.0/embed5692.json]
[motocross.progressionstudios.com/wp-json/oembed/1.0/embed9eae]
[c0.wp.com/p/woocommerce/4.1.1/assets/js/frontend/country-select.min.js]
[c0.wp.com/p/woocommerce/4.1.1/assets/js/frontend/address-i18n.min.js]
[motocross.progressionstudios.com/cart/index.html]
[c0.wp.com/p/woocommerce/4.1.1/assets/js/frontend/cart.min.js]
[149354379.v2.pressablecdn.com/wp-content/uploads/elementor/css/post-2225d4.css]
[149354379.v2.pressablecdn.com/wp-content/plugins/elementor/assets/lib/font-awesome/css/brands.minb683.css]
[motocross.progressionstudios.com/wp-json/oembed/1.0/embed10cf.json]
[motocross.progressionstudios.com/wp-json/oembed/1.0/embed9653]
[149354379.v2.pressablecdn.com/wp-content/uploads/2017/11/icon-1.png]
[149354379.v2.pressablecdn.com/wp-content/uploads/2017/11/icon-2.png]
[149354379.v2.pressablecdn.com/wp-content/uploads/2017/11/icon-3.png]
[149354379.v2.pressablecdn.com/wp-content/uploads/elementor/thumbs/employee-1-nhplbhh6i3d1sjyhh1v4tqbhcdqffiheeyrl42octc.jpg]
[149354379.v2.pressablecdn.com/wp-content/uploads/elementor/thumbs/employee-3-nhplbjcuvrfmfrvr62odypuej5h5uwov382k2mlkgw.jpg]
[149354379.v2.pressablecdn.com/wp-content/uploads/elementor/thumbs/employee-2-nhpl46adchcrhqks5w3lfkqf0hrnk9gk2s3mqlil7k.jpg]
[149354379.v2.pressablecdn.com/wp-content/plugins/boosted-elements-progression/assets/js/team5152.js]
[motocross.progressionstudios.com/about/index.html]
[149354379.v2.pressablecdn.com/wp-content/uploads/elementor/css/post-10666b1.css]
[motocross.progressionstudios.com/wp-json/oembed/1.0/embedd7c0.json]
[motocross.progressionstudios.com/wp-json/oembed/1.0/embed5231]
[149354379.v2.pressablecdn.com/wp-content/uploads/2017/11/bigstock-Motocross-Racing-109373804-1-1024x675.jpg]
[149354379.v2.pressablecdn.com/wp-content/uploads/2017/11/bigstock-Motocross-Racing-109373804-1-500x500.jpg]
[149354379.v2.pressablecdn.com/wp-content/uploads/2017/11/bigstock-Enduro-Bike-Rider-108520886-500x500.jpg]
[149354379.v2.pressablecdn.com/wp-content/uploads/2017/11/bigstock-Gdansk-Poland-September-159088721-500x500.jpg]
[149354379.v2.pressablecdn.com/wp-content/uploads/2017/11/motorsport-2298685_1920-500x500.jpg]
[149354379.v2.pressablecdn.com/wp-content/uploads/2017/11/motocross-1927421_1920-500x500.jpg]
[149354379.v2.pressablecdn.com/wp-content/uploads/2017/11/bigstock-197578369-500x500.jpg]
[149354379.v2.pressablecdn.com/wp-content/uploads/2017/11/dirt-bike-2555925_1920.jpg]
[149354379.v2.pressablecdn.com/wp-content/uploads/2017/11/dirt-bike-2555925_1920-500x500.jpg]
[149354379.v2.pressablecdn.com/wp-content/uploads/2017/11/bigstock-154044878.jpg]
[149354379.v2.pressablecdn.com/wp-content/uploads/2017/11/bigstock-154044878-500x500.jpg]
[149354379.v2.pressablecdn.com/wp-content/uploads/2017/11/enduro-2494884_1920.jpg]
[motocross.progressionstudios.com/gallery/index.html]
[149354379.v2.pressablecdn.com/wp-content/uploads/2017/11/enduro-2494884_1920-500x500.jpg]
[motocross.progressionstudios.com/wp-json/oembed/1.0/embedb4f0.json]
[motocross.progressionstudios.com/wp-json/oembed/1.0/embed1112]
[149354379.v2.pressablecdn.com/wp-content/uploads/2017/11/bigstock-Motorcycle-Boot-6680937-500x500.jpg]
[motocross.progressionstudios.com/shop-full-width/index07d1.html]
[motocross.progressionstudios.com/shop-full-width/index1278.html]
[motocross.progressionstudios.com/product/moto-racing-boots/index.html]
[motocross.progressionstudios.com/shop-full-width/index4b40.html]
[149354379.v2.pressablecdn.com/wp-content/uploads/2017/11/bigstock-Color-photograph-of-leather-mo-39621058-500x500.jpg]
[motocross.progressionstudios.com/shop-full-width/index.html]
[motocross.progressionstudios.com/shop-full-width/indexe038.html]
[149354379.v2.pressablecdn.com/wp-content/uploads/elementor/css/post-16604d9.css]
[motocross.progressionstudios.com/product/leather-gloves/index.html]
[motocross.progressionstudios.com/wp-json/oembed/1.0/embed53b6.json]
[motocross.progressionstudios.com/wp-json/oembed/1.0/embed5731]
[149354379.v2.pressablecdn.com/wp-content/uploads/2017/11/sponsor-1.jpg]
[149354379.v2.pressablecdn.com/wp-content/uploads/2017/11/sponsor-2.jpg]
[149354379.v2.pressablecdn.com/wp-content/uploads/2017/11/sponsor-3.jpg]
[149354379.v2.pressablecdn.com/wp-content/uploads/2017/11/sponsor-6.jpg]
[149354379.v2.pressablecdn.com/wp-content/uploads/2017/11/sponsor-5.jpg]
[149354379.v2.pressablecdn.com/wp-content/uploads/2017/11/sponsor-4.jpg]
[motocross.progressionstudios.com/sponsors/index.html]
[149354379.v2.pressablecdn.com/wp-content/uploads/elementor/css/post-160a17f.css]
[motocross.progressionstudios.com/wp-json/oembed/1.0/embedf760.json]
[motocross.progressionstudios.com/wp-json/oembed/1.0/embeded27]
[149354379.v2.pressablecdn.com/wp-content/uploads/elementor/thumbs/bigstock-154044878-nhpirv5evgeb90l9ua313q2734m71qzijxz2hylgsg.jpg]
[149354379.v2.pressablecdn.com/wp-content/uploads/elementor/thumbs/bigstock-Motocross-Racing-109373804-1-nhhdgmky53lhesh1dhoudt6v03r8nyjkgkg4awvtc0.jpg]
[149354379.v2.pressablecdn.com/wp-content/uploads/elementor/thumbs/dirt-bike-2555925_1920-nhpirsbwayaga6pdaqv5e8rtaz03enobjk0m24pnb4.jpg]
[149354379.v2.pressablecdn.com/wp-content/uploads/elementor/thumbs/bigstock-Enduro-Bike-Rider-108520886-nhhddb7g1522gbafqk3835bbk63miedno5lgcrsta8.jpg]
[149354379.v2.pressablecdn.com/wp-content/uploads/elementor/thumbs/motorsport-2298685_1920-nhhd9cbz6bmhfl1ywubxk5d99lnu0emggifneponk0.jpg]
[motocross.progressionstudios.com/testimonials/index.html]
[149354379.v2.pressablecdn.com/wp-content/uploads/2017/11/bigstock-197578369-900x475.jpg]
[149354379.v2.pressablecdn.com/wp-content/uploads/2017/11/bigstock-149208821-900x475.jpg]
[motocross.progressionstudios.com/latest-news/index.html]
[149354379.v2.pressablecdn.com/wp-content/uploads/2017/11/motocross-1927421_1920-900x475.jpg]
[motocross.progressionstudios.com/author/motocross/index.html]
[motocross.progressionstudios.com/2017/11/index.html]
[c0.wp.com/c/5.4.2/wp-includes/js/jquery/ui/core.min.js]
[motocross.progressionstudios.com/category/uncategorized/index.html]
[motocross.progressionstudios.com/2017/10/index.html]
[motocross.progressionstudios.com/2017/09/index.html]
[c0.wp.com/c/5.4.2/wp-includes/js/jquery/ui/widget.min.js]
[motocross.progressionstudios.com/2017/08/index.html]
[motocross.progressionstudios.com/latest-news/page/2/index.html]
[motocross.progressionstudios.com/2017/07/index.html]
[c0.wp.com/c/5.4.2/wp-includes/js/jquery/ui/mouse.min.js]
[motocross.progressionstudios.com/shop/feed/index.html]
[motocross.progressionstudios.com/2017/07/hello-world/index.html]
[motocross.progressionstudios.com/shop/indexe038.html]
[c0.wp.com/c/5.4.2/wp-includes/js/jquery/ui/slider.min.js]
[c0.wp.com/p/woocommerce/4.1.1/assets/js/jquery-ui-touch-punch/jquery-ui-touch-punch.min.js]
[motocross.progressionstudios.com/shop/index07d1.html]
[motocross.progressionstudios.com/shop/index1278.html]
[motocross.progressionstudios.com/shop/index4b40.html]
[c0.wp.com/p/woocommerce/4.1.1/assets/js/accounting/accounting.min.js]
[c0.wp.com/p/woocommerce/4.1.1/assets/js/frontend/price-slider.min.js]
[motocross.progressionstudios.com/shop/index.html]
[motocross.progressionstudios.com/product-category/gloves/index.html]
[motocross.progressionstudios.com/checkout/index.html]
[motocross.progressionstudios.com/product-category/shoes/index.html]
[motocross.progressionstudios.com/product-category/clothing/index.html]
[motocross.progressionstudios.com/product-category/uncategorized/index.html]
[149354379.v2.pressablecdn.com/wp-content/uploads/elementor/css/post-26e682.css]
[motocross.progressionstudios.com/wp-json/oembed/1.0/embed3263.json]
[motocross.progressionstudios.com/wp-json/oembed/1.0/embed0312]
[149354379.v2.pressablecdn.com/wp-content/uploads/2017/11/avatar-1.jpg]
[149354379.v2.pressablecdn.com/wp-content/uploads/2017/11/avatar-2.jpg]
[149354379.v2.pressablecdn.com/wp-content/uploads/2017/11/avatar-3.jpg]
[motocross.progressionstudios.com/contact/index.html]
[149354379.v2.pressablecdn.com/wp-content/uploads/2017/11/bigstock-Leather-motorcycle-jacket-isol-177834664-800x475.jpg]
[c0.wp.com/p/jetpack/8.7.1/_inc/social-logos/social-logos.min.css]
[motocross.progressionstudios.com/product/moto-jacket/feed/index.html]
[motocross.progressionstudios.com/wp-json/oembed/1.0/embed81fb.json]
[motocross.progressionstudios.com/wp-json/oembed/1.0/embed0a63]
[149354379.v2.pressablecdn.com/wp-content/uploads/2017/11/bigstock-Leather-motorcycle-jacket-isol-177834664.jpg]
[c0.wp.com/p/woocommerce/4.1.1/assets/js/frontend/single-product.min.js]
[c0.wp.com/c/5.4.2/wp-includes/js/comment-reply.min.js]
[motocross.progressionstudios.com/product/moto-jacket/index1278.html]
[c0.wp.com/c/5.4.2/wp-includes/js/underscore.min.js]
[motocross.progressionstudios.com/product/moto-jacket/index07d1.html]
[c0.wp.com/c/5.4.2/wp-includes/js/wp-util.min.js]
[c0.wp.com/p/woocommerce/4.1.1/assets/js/frontend/add-to-cart-variation.min.js]
[motocross.progressionstudios.com/product/moto-jacket/index.html]
[c0.wp.com/p/jetpack/8.7.1/_inc/build/sharedaddy/sharing.min.js]
[149354379.v2.pressablecdn.com/wp-content/uploads/2017/11/bigstock-Old-Combat-Boots-Group-76530491-800x475.jpg]
[motocross.progressionstudios.com/wp-json/oembed/1.0/embed49c4.json]
[motocross.progressionstudios.com/wp-json/oembed/1.0/embed94ea]
[motocross.progressionstudios.com/product/moto-shoes/feed/index.html]
[149354379.v2.pressablecdn.com/wp-content/uploads/2017/11/bigstock-Old-Combat-Boots-Group-76530491.jpg]
[motocross.progressionstudios.com/product/moto-shoes/index.html]
[motocross.progressionstudios.com/index4b40.html]
[149354379.v2.pressablecdn.com/wp-content/uploads/2017/11/bigstock-Motorcycle-helmet-gloves-jac-177834613-800x475.jpg]
[motocross.progressionstudios.com/product/moto-shoes/indexe038.html]
[motocross.progressionstudios.com/wp-json/oembed/1.0/embed93a6.json]
[motocross.progressionstudios.com/cart/index214c.html]
[motocross.progressionstudios.com/product/moto-winter-package/feed/index.html]
[motocross.progressionstudios.com/wp-json/oembed/1.0/embedd7e5]
[149354379.v2.pressablecdn.com/wp-content/uploads/2017/11/bigstock-Motorcycle-helmet-gloves-jac-177834613.jpg]
[motocross.progressionstudios.com/product/moto-winter-package/index.html]
[motocross.progressionstudios.com/index1278.html]
[motocross.progressionstudios.com/product/moto-winter-package/index07d1.html]
[149354379.v2.pressablecdn.com/wp-content/uploads/2017/11/bigstock-Motorcycle-helmet-gloves-and-177834667-800x475.jpg]
[motocross.progressionstudios.com/wp-json/oembed/1.0/embed7ad9.json]
[motocross.progressionstudios.com/product/moto-summer-package/feed/index.html]
[motocross.progressionstudios.com/wp-json/oembed/1.0/embed1e2a]
[motocross.progressionstudios.com/product/moto-summer-package/index.html]
[149354379.v2.pressablecdn.com/wp-content/uploads/2017/11/bigstock-Motorcycle-helmet-gloves-and-177834667.jpg]
[motocross.progressionstudios.com/index07d1.html]
[motocross.progressionstudios.com/product/moto-summer-package/index1278.html]
[motocross.progressionstudios.com/2017/11/getting-ready-for-summer-fun/feed/index.html]
[motocross.progressionstudios.com/wp-json/oembed/1.0/embed0ebf.json]
[motocross.progressionstudios.com/wp-json/oembed/1.0/embedb04d]
[149354379.v2.pressablecdn.com/wp-content/uploads/2017/11/bigstock-149208821.jpg]
[149354379.v2.pressablecdn.com/wp-content/uploads/2017/11/bigstock-149208821-300x150.jpg]
[secure.gravatar.com/avatar/ba52f9c3e9ebf4d37ffe96fc163ceaa48a63.png]
[secure.gravatar.com/js/gprofiles0a38.js]
[motocross.progressionstudios.com/2017/11/getting-ready-for-summer-fun/index3094.html]
[motocross.progressionstudios.com/2017/11/getting-ready-for-summer-fun/index.html]
[c0.wp.com/p/jetpack/8.7.1/modules/wpgroho.js]
[motocross.progressionstudios.com/2017/10/easily-post-videos-and-galleries/feed/index.html]
[motocross.progressionstudios.com/wp-json/oembed/1.0/embedd939.json]
[motocross.progressionstudios.com/2017/10/easily-post-videos-and-galleries/index.html]
[motocross.progressionstudios.com/wp-json/oembed/1.0/embed55e8]
[motocross.progressionstudios.com/2017/09/motorcross-is-for-children-as-well/feed/index.html]
[motocross.progressionstudios.com/2017/10/easily-post-videos-and-galleries/index0e22.html]
[motocross.progressionstudios.com/wp-json/oembed/1.0/embed5e08.json]
[motocross.progressionstudios.com/2017/09/motorcross-is-for-children-as-well/index.html]
[motocross.progressionstudios.com/wp-json/oembed/1.0/embedb919]
[motocross.progressionstudios.com/2017/08/motocross-racing-starts-soon/feed/index.html]
[motocross.progressionstudios.com/2017/09/motorcross-is-for-children-as-well/index21b4.html]
[motocross.progressionstudios.com/wp-json/oembed/1.0/embed5401.json]
[motocross.progressionstudios.com/2017/08/motocross-racing-starts-soon/index.html]
[motocross.progressionstudios.com/wp-json/oembed/1.0/embed51f9]
[gmpg.org/xfn/.html]
[gmpg.org/xfn/intro.html]
[gmpg.org/xfn/faq.html]
[blog.gravatar.com/feed/index.html]
[fonts.googleapis.com/css32b6.css]
[motocross.progressionstudios.com/index3f35.html]
[c0.wp.com/p/woocommerce/4.1.1/assets/js/frontend/lost-password.min.js]
[motocross.progressionstudios.com/my-account/lost-password/index.html]
[motocross.progressionstudios.com/index5534.html]
[motocross.progressionstudios.com/index97bb.html]
[motocross.progressionstudios.com/index0137.html]
[motocross.progressionstudios.com/indexe1bf.html]
[motocross.progressionstudios.com/shop-full-width/index1278.html]
[motocross.progressionstudios.com/shop-full-width/index07d1.html]
[motocross.progressionstudios.com/shop-full-width/index4b40.html]
[149354379.v2.pressablecdn.com/wp-content/uploads/2017/11/bigstock-Motorcycle-Boot-6680937-800x475.jpg]
[motocross.progressionstudios.com/product/moto-racing-boots/feed/index.html]
[motocross.progressionstudios.com/wp-json/oembed/1.0/embed15c4.json]
[motocross.progressionstudios.com/wp-json/oembed/1.0/embed1d19]
[149354379.v2.pressablecdn.com/wp-content/uploads/2017/11/bigstock-Motorcycle-Boot-6680937.jpg]
[motocross.progressionstudios.com/product/moto-racing-boots/index.html]
[motocross.progressionstudios.com/shop-full-width/indexe038.html]
[motocross.progressionstudios.com/product/moto-racing-boots/index4b40.html]
[149354379.v2.pressablecdn.com/wp-content/uploads/2017/11/bigstock-Color-photograph-of-leather-mo-39621058-800x475.jpg]
[motocross.progressionstudios.com/wp-json/oembed/1.0/embed9fef.json]
[motocross.progressionstudios.com/product/leather-gloves/feed/index.html]
[motocross.progressionstudios.com/wp-json/oembed/1.0/embedba9b]
[motocross.progressionstudios.com/product/leather-gloves/index.html]
[149354379.v2.pressablecdn.com/wp-content/uploads/2017/11/bigstock-Color-photograph-of-leather-mo-39621058.jpg]
[motocross.progressionstudios.com/indexd2b9.html]
[motocross.progressionstudios.com/indexb83c.html]
[motocross.progressionstudios.com/author/motocross/index.html]
[motocross.progressionstudios.com/2017/11/index.html]
[motocross.progressionstudios.com/category/uncategorized/index.html]
[motocross.progressionstudios.com/2017/10/index.html]
[motocross.progressionstudios.com/author/motocross/page/2/index.html]
[motocross.progressionstudios.com/2017/09/index.html]
[motocross.progressionstudios.com/2017/08/index.html]
[motocross.progressionstudios.com/latest-news/page/2/index.html]
[motocross.progressionstudios.com/author/motocross/feed/index.html]
[motocross.progressionstudios.com/2017/07/index.html]
[motocross.progressionstudios.com/category/uncategorized/feed/index.html]
[motocross.progressionstudios.com/category/uncategorized/page/2/index.html]
[motocross.progressionstudios.com/2017/07/hello-world/feed/index.html]
[motocross.progressionstudios.com/wp-json/oembed/1.0/embed9fef-2.json]
[motocross.progressionstudios.com/wp-json/oembed/1.0/embeda95f]
[secure.gravatar.com/avatar/d7a973c7dab26985da5f961be7b744808a63.png]
[motocross.progressionstudios.com/2017/07/hello-world/index.html]
[motocross.progressionstudios.com/shop/indexe038.html]
[motocross.progressionstudios.com/shop/index4b40.html]
[motocross.progressionstudios.com/shop/index07d1.html]
[motocross.progressionstudios.com/shop/index1278.html]
[motocross.progressionstudios.com/product-category/clothing/index.html]
[motocross.progressionstudios.com/product-category/gloves/index.html]
[motocross.progressionstudios.com/2017/07/hello-world/index6809.html]
[motocross.progressionstudios.com/product-category/shoes/index.html]
[motocross.progressionstudios.com/product-category/clothing/index07d1.html]
[motocross.progressionstudios.com/product-category/uncategorized/index.html]
[motocross.progressionstudios.com/product-category/clothing/index1278.html]
[motocross.progressionstudios.com/indexcbc0.html]
[motocross.progressionstudios.com/product/moto-jacket/index5a58.html]
[motocross.progressionstudios.com/product-category/shoes/indexe038.html]
[motocross.progressionstudios.com/product/moto-jacket/index9a7b.html]
[motocross.progressionstudios.com/product-category/shoes/index4b40.html]
[motocross.progressionstudios.com/product/moto-jacket/indexd2b8.html]
[motocross.progressionstudios.com/product-category/clothing/feed/index.html]
[motocross.progressionstudios.com/product/moto-jacket/index1ea5.html]
[motocross.progressionstudios.com/product/moto-jacket/index1278.html]
[motocross.progressionstudios.com/product/moto-jacket/index07d1.html]
[motocross.progressionstudios.com/product/moto-shoes/index5a58.html]
[motocross.progressionstudios.com/product/moto-shoes/index9a7b.html]
[motocross.progressionstudios.com/product/moto-shoes/indexd2b8.html]
[motocross.progressionstudios.com/product/moto-shoes/index1ea5.html]
[motocross.progressionstudios.com/product/moto-shoes/indexe038.html]
[motocross.progressionstudios.com/cart/index214c.html]
[motocross.progressionstudios.com/product/moto-winter-package/index5a58.html]
[motocross.progressionstudios.com/product/moto-winter-package/index9a7b.html]
[motocross.progressionstudios.com/product/moto-winter-package/indexd2b8.html]
[motocross.progressionstudios.com/product/moto-winter-package/index1ea5.html]
[motocross.progressionstudios.com/product/moto-winter-package/index07d1.html]
[motocross.progressionstudios.com/cart/indexe8ff.html]
[motocross.progressionstudios.com/product/moto-summer-package/index5a58.html]
[motocross.progressionstudios.com/product/moto-summer-package/index9a7b.html]
[motocross.progressionstudios.com/product/moto-summer-package/indexd2b8.html]
[motocross.progressionstudios.com/product/moto-summer-package/index1ea5.html]
[motocross.progressionstudios.com/product/moto-summer-package/index1278.html]
[motocross.progressionstudios.com/cart/index7f3e.html]
[motocross.progressionstudios.com/index4170.html]
[motocross.progressionstudios.com/2017/11/getting-ready-for-summer-fun/index5a58.html]
[motocross.progressionstudios.com/2017/11/getting-ready-for-summer-fun/index9a7b.html]
[motocross.progressionstudios.com/2017/11/getting-ready-for-summer-fun/indexd2b8.html]
[motocross.progressionstudios.com/2017/11/getting-ready-for-summer-fun/index1ea5.html]
[motocross.progressionstudios.com/product-category/gloves/feed/index.html]
[motocross.progressionstudios.com/product-category/shoes/feed/index.html]
[motocross.progressionstudios.com/product-category/uncategorized/feed/index.html]
[motocross.progressionstudios.com/2017/11/getting-ready-for-summer-fun/index3094.html]
[motocross.progressionstudios.com/index7ea6.html]
[motocross.progressionstudios.com/2017/10/easily-post-videos-and-galleries/index5a58.html]
[motocross.progressionstudios.com/2017/10/easily-post-videos-and-galleries/index9a7b.html]
[motocross.progressionstudios.com/2017/10/easily-post-videos-and-galleries/indexd2b8.html]
[motocross.progressionstudios.com/2017/10/easily-post-videos-and-galleries/index1ea5.html]
[motocross.progressionstudios.com/2017/10/easily-post-videos-and-galleries/index0e22.html]
[motocross.progressionstudios.com/index3ba0.html]
[motocross.progressionstudios.com/2017/09/motorcross-is-for-children-as-well/index5a58.html]
[motocross.progressionstudios.com/2017/09/motorcross-is-for-children-as-well/index9a7b.html]
[motocross.progressionstudios.com/2017/09/motorcross-is-for-children-as-well/indexd2b8.html]
[motocross.progressionstudios.com/2017/09/motorcross-is-for-children-as-well/index1ea5.html]
[motocross.progressionstudios.com/2017/09/motorcross-is-for-children-as-well/index21b4.html]
[motocross.progressionstudios.com/index0012.html]
[motocross.progressionstudios.com/2017/08/motocross-racing-starts-soon/index5a58.html]
[motocross.progressionstudios.com/2017/08/motocross-racing-starts-soon/index9a7b.html]
[motocross.progressionstudios.com/2017/08/motocross-racing-starts-soon/indexd2b8.html]
[motocross.progressionstudios.com/2017/08/motocross-racing-starts-soon/index1ea5.html]
[motocross.progressionstudios.com/cart/index9710.html]
[motocross.progressionstudios.com/product/moto-racing-boots/index5a58.html]
[motocross.progressionstudios.com/product/moto-racing-boots/index9a7b.html]
[motocross.progressionstudios.com/product/moto-racing-boots/indexd2b8.html]
[motocross.progressionstudios.com/product/moto-racing-boots/index1ea5.html]
[motocross.progressionstudios.com/product/moto-racing-boots/index4b40.html]
[motocross.progressionstudios.com/cart/indexdef8.html]
[motocross.progressionstudios.com/product/leather-gloves/index5a58.html]
[motocross.progressionstudios.com/product/leather-gloves/index9a7b.html]
[motocross.progressionstudios.com/product/leather-gloves/indexd2b8.html]
[motocross.progressionstudios.com/product/leather-gloves/index1ea5.html]
[motocross.progressionstudios.com/author/motocross/page/2/index.html]
[motocross.progressionstudios.com/category/uncategorized/page/2/index.html]
[motocross.progressionstudios.com/latest-news/page/1/index.html]
[motocross.progressionstudios.com/indexcff1.html]
[motocross.progressionstudios.com/2017/07/hello-world/index5a58.html]
[motocross.progressionstudios.com/2017/07/hello-world/index9a7b.html]
[motocross.progressionstudios.com/2017/07/hello-world/indexd2b8.html]
[motocross.progressionstudios.com/2017/07/hello-world/index1ea5.html]
[motocross.progressionstudios.com/2017/07/hello-world/index6809.html]
[motocross.progressionstudios.com/product-category/clothing/index07d1.html]
[motocross.progressionstudios.com/product-category/clothing/index1278.html]
[motocross.progressionstudios.com/product-category/shoes/indexe038.html]
[motocross.progressionstudios.com/product-category/shoes/index4b40.html]
[motocross.progressionstudios.com/indexaafe.html]
[motocross.progressionstudios.com/shop-full-width/indexaafe.html]
[motocross.progressionstudios.com/cart/index85e9.html]
[motocross.progressionstudios.com/cart/indexe901.html]
[motocross.progressionstudios.com/author/motocross/page/1/index.html]
[motocross.progressionstudios.com/category/uncategorized/page/1/index.html]
[c0.wp.com/c/5.4.2/wp-includes/css/dist/block-library/style.min.css]
[c0.wp.com/c/5.4.2/wp-includes/js/jquery/jquery.js]
[c0.wp.com/p/woocommerce/4.1.1/packages/woocommerce-blocks/build/style.css]
[c0.wp.com/c/5.4.2/wp-includes/js/jquery/jquery-migrate.min.js]
[149354379.v2.pressablecdn.com/wp-content/themes/motocross-progression/images/page-title.jpg]
[149354379.v2.pressablecdn.com/wp-content/plugins/instagram-widget-by-wpzoom/js/jquery.lazy.min1159.js]
[149354379.v2.pressablecdn.com/wp-content/plugins/instagram-widget-by-wpzoom/js/instagram-widget1159.js]
[149354379.v2.pressablecdn.com/wp-content/plugins/elementor/assets/lib/font-awesome/js/v4-shims.min339e.js]
[149354379.v2.pressablecdn.com/wp-content/plugins/contact-form-7/images/ajax-loader.gif]
[149354379.v2.pressablecdn.com/wp-content/plugins/contact-form-7/includes/css/styles38c6.css]
[motocross.progressionstudios.com/wp-json/index.html]
[motocross.progressionstudios.com/xmlrpc0db0.php]
[c0.wp.com/p/woocommerce/4.1.1/assets/css/woocommerce-layout.css]
[motocross.progressionstudios.com/wp-includes/wlwmanifest.xml]
[c0.wp.com/p/woocommerce/4.1.1/assets/css/woocommerce-smallscreen.css]
[motocross.progressionstudios.com/wp-json/oembed/1.0/embedafce.json]
[motocross.progressionstudios.com/wp-json/oembed/1.0/embedbd65]
[149354379.v2.pressablecdn.com/wp-content/uploads/elementor/thumbs/bigstock-197578369-nhh9q5sb14yojbuawdvtawr4qllfde416h8oy11v24.jpg]
[149354379.v2.pressablecdn.com/wp-content/uploads/elementor/thumbs/motocross-1927421_1920-nhh9qahhzb545dnh4xwy5dkfpiy9fvmov4i4ceuw70.jpg]
[149354379.v2.pressablecdn.com/wp-content/uploads/2017/11/bigstock-Gdansk-Poland-September-159088721.jpg]
[c0.wp.com/p/woocommerce/4.1.1/assets/fonts/star.svg]
[149354379.v2.pressablecdn.com/wp-content/plugins/contact-form-7/includes/js/scripts38c6.js]
[onzo.progressionstudios.com/wp-content/uploads/2020/04/andres-jasso-RQqhVKHXa-k-unsplash.jpg]
[onzo.progressionstudios.com/wp-content/uploads/2020/04/tobias-rademacher-pMain49yK3g-unsplash.jpg]
[c0.wp.com/p/woocommerce/4.1.1/assets/fonts/WooCommerce.svg]
[c0.wp.com/p/woocommerce/4.1.1/assets/js/js-cookie/js.cookie.min.js]
[c0.wp.com/p/woocommerce/4.1.1/assets/js/jquery-blockui/jquery.blockUI.min.js]
[c0.wp.com/p/woocommerce/4.1.1/assets/js/frontend/add-to-cart.min.js]
[c0.wp.com/p/woocommerce/4.1.1/assets/js/frontend/cart-fragments.min.js]
[c0.wp.com/p/woocommerce/4.1.1/assets/js/frontend/woocommerce.min.js]
[149354379.v2.pressablecdn.com/wp-content/themes/motocross-progression/js/navigation11a8.js]
[149354379.v2.pressablecdn.com/wp-content/themes/motocross-progression/js/scrolltofixed11a8.js]
[c0.wp.com/p/woocommerce/4.1.1/assets/images/icons/credit-cards/visa.svg]
[c0.wp.com/p/woocommerce/4.1.1/assets/js/prettyPhoto/jquery.prettyPhoto.min.js]
[c0.wp.com/p/woocommerce/4.1.1/assets/js/flexslider/jquery.flexslider.min.js]
[149354379.v2.pressablecdn.com/wp-content/themes/motocross-progression/js/fitvids11a8.js]
[c0.wp.com/p/woocommerce/4.1.1/assets/images/icons/credit-cards/mastercard.svg]
[c0.wp.com/c/5.4.2/wp-includes/js/wp-embed.min.js]
[149354379.v2.pressablecdn.com/wp-content/themes/motocross-progression/js/script11a8.js]
[149354379.v2.pressablecdn.com/wp-content/plugins/boosted-elements-progression/assets/js/video-backgrounds5152.js]
[c0.wp.com/p/woocommerce/4.1.1/assets/images/icons/credit-cards/laser.svg]
[149354379.v2.pressablecdn.com/wp-content/plugins/boosted-elements-progression/assets/js/masonry5152.js]
[149354379.v2.pressablecdn.com/wp-content/plugins/boosted-elements-progression/assets/js/prettyPhoto5152.js]
[149354379.v2.pressablecdn.com/wp-content/plugins/boosted-elements-progression/assets/js/jquery.matchHeight-min5152.js]
[c0.wp.com/p/woocommerce/4.1.1/assets/images/icons/credit-cards/diners.svg]
[149354379.v2.pressablecdn.com/wp-content/plugins/elementor/assets/js/frontend-modules.min339e.js]
[c0.wp.com/c/5.4.2/wp-includes/js/jquery/ui/position.min.js]
[149354379.v2.pressablecdn.com/wp-content/plugins/mailchimp-for-wp/assets/js/forms.min447e.js]
[c0.wp.com/p/woocommerce/4.1.1/assets/images/icons/credit-cards/maestro.svg]
[149354379.v2.pressablecdn.com/wp-content/plugins/elementor/assets/lib/swiper/swiper.min48f5.js]
[149354379.v2.pressablecdn.com/wp-content/plugins/elementor/assets/lib/dialog/dialog.minae9e.js]
[149354379.v2.pressablecdn.com/wp-content/plugins/elementor/assets/lib/waypoints/waypoints.min05da.js]
[c0.wp.com/p/woocommerce/4.1.1/assets/images/icons/credit-cards/jcb.svg]
[secure.gaug.es/track.js]
[149354379.v2.pressablecdn.com/wp-content/plugins/elementor/assets/js/frontend.min339e.js]
[149354379.v2.pressablecdn.com/wp-content/plugins/elementor/assets/lib/share-link/share-link.min339e.js]
[c0.wp.com/p/woocommerce/4.1.1/assets/images/icons/credit-cards/amex.svg]
[c0.wp.com/p/woocommerce/4.1.1/assets/css/woocommerce.css]
[c0.wp.com/p/woocommerce/4.1.1/assets/images/icons/credit-cards/discover.svg]
[c0.wp.com/p/woocommerce/4.1.1/assets/js/selectWoo/selectWoo.full.min.js]
[c0.wp.com/c/5.4.2/wp-admin/js/password-strength-meter.min.js]
[motocross.progressionstudios.com/wp-json/oembed/1.0/embed61c8]
[motocross.progressionstudios.com/wp-json/oembed/1.0/embedf2b3.json]
[c0.wp.com/p/woocommerce/4.1.1/assets/js/frontend/password-strength-meter.min.js]
[c0.wp.com/p/woocommerce/4.1.1/assets/js/frontend/country-select.min.js]
[149354379.v2.pressablecdn.com/wp-content/themes/motocross-progression/inc/pe-icon-7-stroke/fonts/Pe-icon-7-strokebb1d.eot]
[c0.wp.com/p/woocommerce/4.1.1/assets/js/frontend/address-i18n.min.js]
[motocross.progressionstudios.com/wp-json/oembed/1.0/embed9eae]
[motocross.progressionstudios.com/wp-json/oembed/1.0/embed5692.json]
[c0.wp.com/p/woocommerce/4.1.1/assets/js/frontend/cart.min.js]
[149354379.v2.pressablecdn.com/wp-content/themes/motocross-progression/inc/pe-icon-7-stroke/fonts/Pe-icon-7-stroked41d.eot]
[149354379.v2.pressablecdn.com/wp-content/themes/motocross-progression/inc/pe-icon-7-stroke/fonts/Pe-icon-7-strokebb1d.woff]
[motocross.progressionstudios.com/wp-json/oembed/1.0/embed9653]
[motocross.progressionstudios.com/wp-json/oembed/1.0/embed10cf.json]
[motocross.progressionstudios.com/wp-json/oembed/1.0/embedd7c0.json]
[149354379.v2.pressablecdn.com/wp-content/themes/motocross-progression/inc/pe-icon-7-stroke/fonts/Pe-icon-7-strokebb1d.ttf]
[149354379.v2.pressablecdn.com/wp-content/uploads/2017/11/bigstock-Motocross-Racing-109373804-1-1024x675.jpg]
[motocross.progressionstudios.com/wp-json/oembed/1.0/embed5231]
[149354379.v2.pressablecdn.com/wp-content/uploads/2017/11/bigstock-Motocross-Racing-109373804-1-500x500.jpg]
[149354379.v2.pressablecdn.com/wp-content/themes/motocross-progression/inc/pe-icon-7-stroke/fonts/Pe-icon-7-strokebb1d.svg]
[149354379.v2.pressablecdn.com/wp-content/uploads/2017/11/bigstock-Enduro-Bike-Rider-108520886-500x500.jpg]
[149354379.v2.pressablecdn.com/wp-content/uploads/2017/11/bigstock-Gdansk-Poland-September-159088721-500x500.jpg]
[149354379.v2.pressablecdn.com/wp-content/uploads/2017/11/motorsport-2298685_1920-500x500.jpg]
[149354379.v2.pressablecdn.com/wp-content/themes/motocross-progression/inc/font-awesome/fonts/fontawesome-webfont3e6e.eot]
[149354379.v2.pressablecdn.com/wp-content/uploads/2017/11/bigstock-197578369-500x500.jpg]
[149354379.v2.pressablecdn.com/wp-content/uploads/2017/11/motocross-1927421_1920-500x500.jpg]
[149354379.v2.pressablecdn.com/wp-content/uploads/2017/11/dirt-bike-2555925_1920.jpg]
[149354379.v2.pressablecdn.com/wp-content/themes/motocross-progression/inc/font-awesome/fonts/fontawesome-webfontd41d.eot]
[149354379.v2.pressablecdn.com/wp-content/uploads/2017/11/bigstock-154044878-500x500.jpg]
[149354379.v2.pressablecdn.com/wp-content/uploads/2017/11/bigstock-154044878.jpg]
[149354379.v2.pressablecdn.com/wp-content/uploads/2017/11/enduro-2494884_1920.jpg]
[149354379.v2.pressablecdn.com/wp-content/themes/motocross-progression/inc/font-awesome/fonts/fontawesome-webfont3e6e.woff2]
[149354379.v2.pressablecdn.com/wp-content/uploads/2017/11/bigstock-Color-photograph-of-leather-mo-39621058-500x500.jpg]
[149354379.v2.pressablecdn.com/wp-content/uploads/2017/11/enduro-2494884_1920-500x500.jpg]
[motocross.progressionstudios.com/wp-json/oembed/1.0/embed1112]
[motocross.progressionstudios.com/wp-json/oembed/1.0/embedb4f0.json]
[149354379.v2.pressablecdn.com/wp-content/themes/motocross-progression/inc/font-awesome/fonts/fontawesome-webfont3e6e.woff]
[motocross.progressionstudios.com/wp-json/oembed/1.0/embed53b6.json]
[motocross.progressionstudios.com/wp-json/oembed/1.0/embed5731]
[motocross.progressionstudios.com/wp-json/oembed/1.0/embedf760.json]
[149354379.v2.pressablecdn.com/wp-content/themes/motocross-progression/inc/font-awesome/fonts/fontawesome-webfont3e6e.ttf]
[149354379.v2.pressablecdn.com/wp-content/uploads/2017/11/bigstock-149208821-900x475.jpg]
[149354379.v2.pressablecdn.com/wp-content/uploads/2017/11/bigstock-197578369-900x475.jpg]
[motocross.progressionstudios.com/wp-json/oembed/1.0/embeded27]
[149354379.v2.pressablecdn.com/wp-content/themes/motocross-progression/inc/font-awesome/fonts/fontawesome-webfont3e6e.svg]
[c0.wp.com/c/5.4.2/wp-includes/js/jquery/ui/core.min.js]
[motocross.progressionstudios.com/shop/feed/index.html]
[149354379.v2.pressablecdn.com/wp-content/uploads/2017/11/motocross-1927421_1920-900x475.jpg]
[149354379.v2.pressablecdn.com/wp-content/themes/motocross-progression/images/search-magnify-light.png]
[c0.wp.com/c/5.4.2/wp-includes/js/jquery/ui/widget.min.js]
[c0.wp.com/c/5.4.2/wp-includes/js/jquery/ui/mouse.min.js]
[c0.wp.com/p/woocommerce/4.1.1/assets/js/jquery-ui-touch-punch/jquery-ui-touch-punch.min.js]
[c0.wp.com/c/5.4.2/wp-includes/js/jquery/ui/slider.min.js]
[c0.wp.com/p/woocommerce/4.1.1/assets/js/frontend/price-slider.min.js]
[c0.wp.com/p/woocommerce/4.1.1/assets/js/accounting/accounting.min.js]
[149354379.v2.pressablecdn.com/wp-content/themes/motocross-progression/images/search-magnify-light@2x.png]
[motocross.progressionstudios.com/wp-json/oembed/1.0/embed3263.json]
[149354379.v2.pressablecdn.com/wp-content/uploads/2017/11/bigstock-Leather-motorcycle-jacket-isol-177834664-800x475.jpg]
[motocross.progressionstudios.com/product/moto-jacket/feed/index.html]
[motocross.progressionstudios.com/wp-json/oembed/1.0/embed0312]
[c0.wp.com/p/woocommerce/4.1.1/assets/js/frontend/single-product.min.js]
[149354379.v2.pressablecdn.com/wp-content/themes/motocross-progression/images/search-magnify.png]
[c0.wp.com/c/5.4.2/wp-includes/js/comment-reply.min.js]
[c0.wp.com/c/5.4.2/wp-includes/js/underscore.min.js]
[motocross.progressionstudios.com/wp-json/oembed/1.0/embed0a63]
[motocross.progressionstudios.com/wp-json/oembed/1.0/embed81fb.json]
[c0.wp.com/p/woocommerce/4.1.1/assets/js/frontend/add-to-cart-variation.min.js]
[c0.wp.com/c/5.4.2/wp-includes/js/wp-util.min.js]
[c0.wp.com/p/jetpack/8.7.1/_inc/build/sharedaddy/sharing.min.js]
[149354379.v2.pressablecdn.com/wp-content/themes/motocross-progression/images/search-magnify@2x.png]
[149354379.v2.pressablecdn.com/wp-content/uploads/2017/11/bigstock-Old-Combat-Boots-Group-76530491-800x475.jpg]
[motocross.progressionstudios.com/product/moto-shoes/feed/index.html]
[motocross.progressionstudios.com/wp-json/oembed/1.0/embed94ea]
[motocross.progressionstudios.com/wp-json/oembed/1.0/embed49c4.json]
[149354379.v2.pressablecdn.com/wp-content/themes/motocross-progression/images/select-arrow.png]
[149354379.v2.pressablecdn.com/wp-content/uploads/2017/11/bigstock-Motorcycle-helmet-gloves-jac-177834613-800x475.jpg]
[149354379.v2.pressablecdn.com/wp-content/uploads/2017/11/bigstock-Old-Combat-Boots-Group-76530491.jpg]
[motocross.progressionstudios.com/product/moto-winter-package/feed/index.html]
[motocross.progressionstudios.com/wp-json/oembed/1.0/embed93a6.json]
[149354379.v2.pressablecdn.com/wp-content/uploads/2017/11/bigstock-Motorcycle-helmet-gloves-and-177834667-800x475.jpg]
[149354379.v2.pressablecdn.com/wp-content/themes/motocross-progression/images/prettyPhoto/lightbox.gif]
[motocross.progressionstudios.com/product/moto-summer-package/feed/index.html]
[motocross.progressionstudios.com/wp-json/oembed/1.0/embedd7e5]
[149354379.v2.pressablecdn.com/wp-content/themes/motocross-progression/images/prettyPhoto/sprite.png]
[motocross.progressionstudios.com/wp-json/oembed/1.0/embed1e2a]
[motocross.progressionstudios.com/wp-json/oembed/1.0/embed7ad9.json]
[149354379.v2.pressablecdn.com/wp-content/uploads/2017/11/bigstock-Motorcycle-helmet-gloves-and-177834667.jpg]
[motocross.progressionstudios.com/2017/11/getting-ready-for-summer-fun/feed/index.html]
[149354379.v2.pressablecdn.com/wp-content/uploads/2017/11/bigstock-149208821.jpg]
[149354379.v2.pressablecdn.com/wp-content/themes/motocross-progression/images/prettyPhoto/next.png]
[secure.gravatar.com/js/gprofiles0a38.js]
[motocross.progressionstudios.com/wp-json/oembed/1.0/embedb04d]
[motocross.progressionstudios.com/wp-json/oembed/1.0/embed0ebf.json]
[149354379.v2.pressablecdn.com/wp-content/uploads/2017/11/bigstock-149208821-300x150.jpg]
[c0.wp.com/p/jetpack/8.7.1/modules/wpgroho.js]
[149354379.v2.pressablecdn.com/wp-content/themes/motocross-progression/images/prettyPhoto/previous.png]
[motocross.progressionstudios.com/2017/10/easily-post-videos-and-galleries/feed/index.html]
[motocross.progressionstudios.com/wp-json/oembed/1.0/embedd939.json]
[149354379.v2.pressablecdn.com/wp-content/themes/motocross-progression/images/prettyPhoto/next@2x.png]
[motocross.progressionstudios.com/2017/09/motorcross-is-for-children-as-well/feed/index.html]
[motocross.progressionstudios.com/wp-json/oembed/1.0/embed55e8]
[motocross.progressionstudios.com/wp-json/oembed/1.0/embed5e08.json]
[motocross.progressionstudios.com/wp-json/oembed/1.0/embedb919]
[149354379.v2.pressablecdn.com/wp-content/themes/motocross-progression/images/prettyPhoto/previous@2x.png]
[motocross.progressionstudios.com/2017/08/motocross-racing-starts-soon/feed/index.html]
[motocross.progressionstudios.com/wp-json/oembed/1.0/embed51f9]
[motocross.progressionstudios.com/wp-json/oembed/1.0/embed5401.json]
[motocross.progressionstudios.com/product/moto-racing-boots/feed/index.html]
[motocross.progressionstudios.com/wp-json/oembed/1.0/embed15c4.json]
[149354379.v2.pressablecdn.com/wp-content/themes/motocross-progression/images/prettyPhoto/sprite@2x.png]
[149354379.v2.pressablecdn.com/wp-content/themes/motocross-progression/style7661.css]
[motocross.progressionstudios.com/product/leather-gloves/feed/index.html]
[149354379.v2.pressablecdn.com/wp-content/uploads/2017/11/bigstock-Color-photograph-of-leather-mo-39621058-800x475.jpg]
[149354379.v2.pressablecdn.com/wp-content/themes/motocross-progression/css/progression_studios_custom_styles7661.css]
[motocross.progressionstudios.com/wp-json/oembed/1.0/embed1d19]
[c0.wp.com/c/5.4.2/wp-includes/css/dashicons.min.css]
[motocross.progressionstudios.com/author/motocross/feed/index.html]
[149354379.v2.pressablecdn.com/wp-content/plugins/instagram-widget-by-wpzoom/css/instagram-widget1159.css]
[motocross.progressionstudios.com/wp-json/oembed/1.0/embed9fef.json]
[motocross.progressionstudios.com/wp-json/oembed/1.0/embedba9b]
[149354379.v2.pressablecdn.com/wp-content/uploads/2017/11/bigstock-Color-photograph-of-leather-mo-39621058.jpg]
[motocross.progressionstudios.com/category/uncategorized/feed/index.html]
[motocross.progressionstudios.com/2017/07/hello-world/feed/index.html]
[149354379.v2.pressablecdn.com/wp-content/plugins/elementor/assets/lib/eicons/css/elementor-icons.min4c7e.css]
[motocross.progressionstudios.com/product-category/clothing/feed/index.html]
[149354379.v2.pressablecdn.com/wp-content/plugins/elementor/assets/lib/animations/animations.min339e.css]
[149354379.v2.pressablecdn.com/wp-content/plugins/elementor/assets/lib/eicons/fonts/eicons2cbf.svg]
[149354379.v2.pressablecdn.com/wp-content/plugins/elementor/assets/css/frontend.min339e.css]
[motocross.progressionstudios.com/product-category/gloves/feed/index.html]
[motocross.progressionstudios.com/product-category/shoes/feed/index.html]
[motocross.progressionstudios.com/wp-json/oembed/1.0/embed9fef-2.json]
[motocross.progressionstudios.com/wp-json/oembed/1.0/embeda95f]
[motocross.progressionstudios.com/product-category/uncategorized/feed/index.html]
[149354379.v2.pressablecdn.com/wp-content/themes/motocross-progression/inc/pe-icon-7-stroke/fonts/Pe-icon-7-strokebb1d.eot]
[149354379.v2.pressablecdn.com/wp-content/plugins/elementor/assets/lib/font-awesome/webfonts/fa-brands-400.svg]
[149354379.v2.pressablecdn.com/wp-content/themes/motocross-progression/inc/pe-icon-7-stroke/fonts/Pe-icon-7-stroked41d.eot]
[149354379.v2.pressablecdn.com/wp-content/themes/motocross-progression/inc/pe-icon-7-stroke/fonts/Pe-icon-7-strokebb1d.ttf]
[149354379.v2.pressablecdn.com/wp-content/themes/motocross-progression/inc/pe-icon-7-stroke/fonts/Pe-icon-7-strokebb1d.woff]
[149354379.v2.pressablecdn.com/wp-content/plugins/elementor/assets/lib/font-awesome/webfonts/fa-regular-400.svg]
[149354379.v2.pressablecdn.com/wp-content/themes/motocross-progression/inc/font-awesome/fonts/fontawesome-webfont3e6e.eot]
[149354379.v2.pressablecdn.com/wp-content/themes/motocross-progression/inc/font-awesome/fonts/fontawesome-webfontd41d.eot]
[149354379.v2.pressablecdn.com/wp-content/themes/motocross-progression/inc/font-awesome/fonts/fontawesome-webfont3e6e.woff]
[149354379.v2.pressablecdn.com/wp-content/plugins/elementor/assets/lib/font-awesome/css/all.min339e.css]
[149354379.v2.pressablecdn.com/wp-content/plugins/elementor/assets/lib/font-awesome/css/v4-shims.min339e.css]
[149354379.v2.pressablecdn.com/wp-content/plugins/elementor/assets/lib/font-awesome/webfonts/fa-solid-900.svg]
[motocross.progressionstudios.com/wp-content/uploads/2017/11/slide-1.jpg]
[149354379.v2.pressablecdn.com/wp-content/uploads/elementor/css/post-20bc6c.css]
[149354379.v2.pressablecdn.com/wp-content/themes/motocross-progression/inc/font-awesome/fonts/fontawesome-webfont3e6e.ttf]
[149354379.v2.pressablecdn.com/wp-content/plugins/boosted-elements-progression/assets/images/fotorama.png]
[149354379.v2.pressablecdn.com/wp-content/plugins/boosted-elements-progression/assets/images/fotorama@2x.png]
[149354379.v2.pressablecdn.com/wp-content/plugins/boosted-elements-progression/assets/css/frontend.min7661.css]
[149354379.v2.pressablecdn.com/wp-content/plugins/boosted-elements-progression/assets/images/prettyPhoto/default/sprite.png]
[149354379.v2.pressablecdn.com/wp-content/plugins/boosted-elements-progression/assets/images/prettyPhoto/default/sprite_x.png]
[149354379.v2.pressablecdn.com/wp-content/plugins/boosted-elements-progression/assets/images/prettyPhoto/default/sprite_y.png]
[149354379.v2.pressablecdn.com/wp-content/plugins/boosted-elements-progression/assets/images/prettyPhoto/default/sprite_next.png]
[149354379.v2.pressablecdn.com/wp-content/plugins/boosted-elements-progression/assets/images/prettyPhoto/default/sprite_prev.png]
[149354379.v2.pressablecdn.com/wp-content/plugins/boosted-elements-progression/assets/images/prettyPhoto/default/default_thumb.png]
[149354379.v2.pressablecdn.com/wp-content/plugins/boosted-elements-progression/assets/images/prettyPhoto/default/loader.gif]
[149354379.v2.pressablecdn.com/wp-content/plugins/boosted-elements-progression/assets/css/prettyphoto.min7661.css]
[c0.wp.com/p/jetpack/8.7.1/modules/carousel/images/arrows.png]
[c0.wp.com/p/jetpack/8.7.1/modules/carousel/images/arrows-2x.png]
[c0.wp.com/p/jetpack/8.7.1/modules/carousel/images/carousel-spritee4da.png]
[c0.wp.com/p/jetpack/8.7.1/modules/carousel/images/carousel-sprite-2xe4da.png]
[c0.wp.com/p/jetpack/8.7.1/modules/shortcodes/img/slideshow-controls.png]
[c0.wp.com/p/jetpack/8.7.1/modules/shortcodes/img/slideshow-controls-2x.png]
[c0.wp.com/p/jetpack/8.7.1/modules/shortcodes/images/slide-nav.png]
[c0.wp.com/p/jetpack/8.7.1/modules/shortcodes/images/expand.png]
[c0.wp.com/p/jetpack/8.7.1/modules/shortcodes/images/collapse.png]
[secure.gravatar.com/images/grav-share-sprite.png]
[c0.wp.com/p/jetpack/8.7.1/css/jetpack.css]
[motocross.progressionstudios.com/index0d2a.html]
[c0.wp.com/index.html]
[149354379.v2.pressablecdn.com/wp-content/plugins/elementor/assets/lib/font-awesome/css/fontawesome.minb683.css]
[149354379.v2.pressablecdn.com/wp-content/plugins/elementor/assets/lib/font-awesome/css/solid.minb683.css]
[gmpg.org/xfn/default.css]
[s.gravatar.com/dist/css/style.min42a0.css]
[s.gravatar.com/dist/css/profile.min42a0.css]
[s.gravatar.com/dist/css/jquery.Jcrop.0.9.12.min42a0.css]
[secure.gravatar.com/js/jcarousel/lib/jquery.jcarousel.css]
[secure.gravatar.com/js/jcarousel/skins/tango/skin.css]
[blog.gravatar.com/feed/index.html]
[s0.wp.com/i/noticons/noticons.css]
[secure.gravatar.com/images/logo-crowdsignal.svg]
[c0.wp.com/p/woocommerce/4.1.1/assets/css/select2.css]
[motocross.progressionstudios.com/my-account/lost-password/index.html]
[motocross.progressionstudios.com/index5534.html]
[149354379.v2.pressablecdn.com/wp-content/uploads/elementor/css/post-2225d4.css]
[149354379.v2.pressablecdn.com/wp-content/plugins/elementor/assets/lib/font-awesome/css/brands.minb683.css]
[149354379.v2.pressablecdn.com/wp-content/uploads/elementor/css/post-10666b1.css]
[149354379.v2.pressablecdn.com/wp-content/uploads/elementor/css/post-162aec3.css]
[motocross.progressionstudios.com/shop-full-width/index1278.html]
[149354379.v2.pressablecdn.com/wp-content/uploads/elementor/css/post-16604d9.css]
[149354379.v2.pressablecdn.com/wp-content/uploads/elementor/css/post-160a17f.css]
[motocross.progressionstudios.com/author/motocross/index.html]
[motocross.progressionstudios.com/shop/indexe038.html]
[motocross.progressionstudios.com/wp-content/uploads/2017/11/motocross-1927421_1920.jpg]
[motocross.progressionstudios.com/wp-content/uploads/2017/11/bigstock-149208821.jpg]
[motocross.progressionstudios.com/wp-content/uploads/2017/11/bigstock-197578369.jpg]
[149354379.v2.pressablecdn.com/wp-content/uploads/elementor/css/post-26e682.css]
[c0.wp.com/p/jetpack/8.7.1/_inc/social-logos/social-logosc8bb.eot]
[c0.wp.com/p/jetpack/8.7.1/_inc/social-logos/social-logosc8bb.ttf]
[c0.wp.com/p/jetpack/8.7.1/_inc/social-logos/social-logos.min.css]
[motocross.progressionstudios.com/wp-content/uploads/2017/11/bigstock-197578369.jpg]
[motocross.progressionstudios.com/wp-content/uploads/2017/11/bigstock-149208821.jpg]
[motocross.progressionstudios.com/product/moto-shoes/index5a58.html]
[motocross.progressionstudios.com/product/moto-summer-package/index5a58.html]
[motocross.progressionstudios.com/index4170.html]
[motocross.progressionstudios.com/2017/11/getting-ready-for-summer-fun/index5a58.html]
[motocross.progressionstudios.com/index7ea6.html]
[motocross.progressionstudios.com/2017/10/easily-post-videos-and-galleries/index5a58.html]
[motocross.progressionstudios.com/index3ba0.html]
[motocross.progressionstudios.com/2017/09/motorcross-is-for-children-as-well/index5a58.html]
[motocross.progressionstudios.com/index0012.html]
[motocross.progressionstudios.com/2017/08/motocross-racing-starts-soon/index5a58.html]
[motocross.progressionstudios.com/product/leather-gloves/index5a58.html]
[motocross.progressionstudios.com/author/motocross/page/2/index.html]
[motocross.progressionstudios.com/category/uncategorized/page/2/index.html]
[motocross.progressionstudios.com/indexcff1.html]
[motocross.progressionstudios.com/2017/07/hello-world/index5a58.html]
[motocross.progressionstudios.com/product-category/clothing/index07d1.html]
[motocross.progressionstudios.com/product-category/shoes/indexe038.html]
[motocross.progressionstudios.com/indexaafe.html]
[c0.wp.com/p/woocommerce/4.1.1/assets/fonts/star.svg]
[c0.wp.com/p/woocommerce/4.1.1/assets/fonts/WooCommerce.svg]
[c0.wp.com/p/woocommerce/4.1.1/assets/images/icons/loader.svg]
[c0.wp.com/p/woocommerce/4.1.1/assets/images/icons/credit-cards/visa.svg]
[c0.wp.com/p/woocommerce/4.1.1/assets/images/icons/credit-cards/mastercard.svg]
[c0.wp.com/p/woocommerce/4.1.1/assets/images/icons/credit-cards/laser.svg]
[c0.wp.com/p/woocommerce/4.1.1/assets/images/icons/credit-cards/diners.svg]
[c0.wp.com/p/woocommerce/4.1.1/assets/images/icons/credit-cards/maestro.svg]
[c0.wp.com/p/woocommerce/4.1.1/assets/images/icons/credit-cards/jcb.svg]
[c0.wp.com/p/woocommerce/4.1.1/assets/images/icons/credit-cards/amex.svg]
[c0.wp.com/p/woocommerce/4.1.1/assets/images/icons/credit-cards/discover.svg]
[149354379.v2.pressablecdn.com/wp-content/themes/motocross-progression/inc/pe-icon-7-stroke/fonts/Pe-icon-7-strokebb1d.svg]
[149354379.v2.pressablecdn.com/wp-content/themes/motocross-progression/inc/font-awesome/fonts/fontawesome-webfont3e6e.svg]
[149354379.v2.pressablecdn.com/wp-content/plugins/elementor/assets/lib/eicons/fonts/eicons2cbf.svg]
[149354379.v2.pressablecdn.com/wp-content/plugins/elementor/assets/lib/font-awesome/webfonts/fa-brands-400.svg]
[149354379.v2.pressablecdn.com/wp-content/plugins/elementor/assets/lib/font-awesome/webfonts/fa-regular-400.svg]
[149354379.v2.pressablecdn.com/wp-content/plugins/elementor/assets/lib/font-awesome/webfonts/fa-solid-900.svg]
[149354379.v2.pressablecdn.com/wp-content/plugins/boosted-elements-progression/assets/images/prettyPhoto/light_rounded/sprite.html]
[149354379.v2.pressablecdn.com/wp-content/plugins/boosted-elements-progression/assets/images/prettyPhoto/light_rounded/btnNext.html]
[149354379.v2.pressablecdn.com/wp-content/plugins/boosted-elements-progression/assets/images/prettyPhoto/light_rounded/btnPrevious.html]
[149354379.v2.pressablecdn.com/wp-content/plugins/boosted-elements-progression/assets/images/prettyPhoto/dark_rounded/sprite.html]
[149354379.v2.pressablecdn.com/wp-content/plugins/boosted-elements-progression/assets/images/prettyPhoto/dark_rounded/contentPattern.html]
[149354379.v2.pressablecdn.com/wp-content/plugins/boosted-elements-progression/assets/images/prettyPhoto/dark_rounded/btnNext.html]
[149354379.v2.pressablecdn.com/wp-content/plugins/boosted-elements-progression/assets/images/prettyPhoto/dark_rounded/btnPrevious.html]
[149354379.v2.pressablecdn.com/wp-content/plugins/boosted-elements-progression/assets/images/prettyPhoto/dark_rounded/loader.html]
[149354379.v2.pressablecdn.com/wp-content/plugins/boosted-elements-progression/assets/images/prettyPhoto/dark_square/loader.html]
[149354379.v2.pressablecdn.com/wp-content/plugins/boosted-elements-progression/assets/images/prettyPhoto/dark_square/sprite.html]
[149354379.v2.pressablecdn.com/wp-content/plugins/boosted-elements-progression/assets/images/prettyPhoto/dark_square/btnNext.html]
[149354379.v2.pressablecdn.com/wp-content/plugins/boosted-elements-progression/assets/images/prettyPhoto/dark_square/btnPrevious.html]
[149354379.v2.pressablecdn.com/wp-content/plugins/boosted-elements-progression/assets/images/prettyPhoto/light_square/sprite.html]
[149354379.v2.pressablecdn.com/wp-content/plugins/boosted-elements-progression/assets/images/prettyPhoto/light_square/btnNext.html]
[149354379.v2.pressablecdn.com/wp-content/plugins/boosted-elements-progression/assets/images/prettyPhoto/light_square/btnPrevious.html]
[149354379.v2.pressablecdn.com/wp-content/plugins/boosted-elements-progression/assets/images/prettyPhoto/facebook/sprite.html]
[149354379.v2.pressablecdn.com/wp-content/plugins/boosted-elements-progression/assets/images/prettyPhoto/facebook/contentPatternTop.html]
[149354379.v2.pressablecdn.com/wp-content/plugins/boosted-elements-progression/assets/images/prettyPhoto/facebook/contentPatternLeft.html]
[149354379.v2.pressablecdn.com/wp-content/plugins/boosted-elements-progression/assets/images/prettyPhoto/facebook/contentPatternRight.html]
[149354379.v2.pressablecdn.com/wp-content/plugins/boosted-elements-progression/assets/images/prettyPhoto/facebook/loader.html]
[149354379.v2.pressablecdn.com/wp-content/plugins/boosted-elements-progression/assets/images/prettyPhoto/facebook/btnNext.html]
[149354379.v2.pressablecdn.com/wp-content/plugins/boosted-elements-progression/assets/images/prettyPhoto/facebook/btnPrevious.html]
[149354379.v2.pressablecdn.com/wp-content/plugins/boosted-elements-progression/assets/images/prettyPhoto/facebook/contentPatternBottom.html]
[149354379.v2.pressablecdn.com/wp-content/plugins/boosted-elements-progression/assets/images/prettyPhoto/facebook/default_thumbnail.html]
[149354379.v2.pressablecdn.com/wp-content/plugins/boosted-elements-progression/assets/images/prettyPhoto/light_rounded/loader.html]
